\BOOKMARK [1][-]{section.1}{\376\377\000T\000h\000e\000\040\000T\000w\000o\000-\000B\000o\000d\000y\000\040\000P\000r\000o\000b\000l\000e\000m}{}% 1
\BOOKMARK [2][-]{subsection.1.1}{\376\377\000C\000e\000n\000t\000r\000a\000l\000\040\000f\000o\000r\000c\000e\000\040\000p\000r\000o\000b\000l\000e\000m}{section.1}% 2
\BOOKMARK [2][-]{subsection.1.2}{\376\377\000S\000e\000p\000a\000r\000a\000t\000i\000n\000g\000\040\000c\000e\000n\000t\000r\000e\000-\000o\000f\000-\000m\000a\000s\000s\000\040\000m\000o\000t\000i\000o\000n}{section.1}% 3
\BOOKMARK [2][-]{subsection.1.3}{\376\377\000C\000o\000n\000s\000e\000r\000v\000e\000d\000\040\000q\000u\000a\000n\000t\000i\000t\000i\000e\000s}{section.1}% 4
\BOOKMARK [1][-]{section.2}{\376\377\000C\000o\000o\000r\000d\000i\000n\000a\000t\000e\000\040\000S\000y\000s\000t\000e\000m\000s\000\040\000a\000n\000d\000\040\000O\000r\000b\000i\000t\000a\000l\000\040\000E\000l\000e\000m\000e\000n\000t\000s}{}% 5
\BOOKMARK [1][-]{section.3}{\376\377\000P\000l\000a\000n\000a\000r\000\040\000M\000o\000t\000i\000o\000n\000\040\000a\000n\000d\000\040\000K\000e\000p\000l\000e\000r\000'\000s\000\040\000S\000e\000c\000o\000n\000d\000\040\000L\000a\000w}{}% 6
\BOOKMARK [1][-]{section.4}{\376\377\000T\000h\000e\000\040\000O\000r\000b\000i\000t\000\040\000E\000q\000u\000a\000t\000i\000o\000n}{}% 7
\BOOKMARK [1][-]{section.5}{\376\377\000K\000e\000p\000l\000e\000r\000i\000a\000n\000\040\000O\000r\000b\000i\000t\000s}{}% 8
\BOOKMARK [1][-]{section.6}{\376\377\000E\000n\000e\000r\000g\000y\000\040\000a\000n\000d\000\040\000A\000n\000g\000u\000l\000a\000r\000\040\000M\000o\000m\000e\000n\000t\000u\000m\000\040\000i\000n\000\040\000T\000e\000r\000m\000s\000\040\000o\000f\000\040\000a\000,\000e}{}% 9
\BOOKMARK [2][-]{subsection.6.1}{\376\377\000E\000n\000e\000r\000g\000y}{section.6}% 10
\BOOKMARK [2][-]{subsection.6.2}{\376\377\000A\000n\000g\000u\000l\000a\000r\000\040\000m\000o\000m\000e\000n\000t\000u\000m}{section.6}% 11
\BOOKMARK [2][-]{subsection.6.3}{\376\377\000I\000n\000s\000t\000a\000n\000t\000a\000n\000e\000o\000u\000s\000\040\000k\000i\000n\000e\000t\000i\000c\000\040\000e\000n\000e\000r\000g\000y}{section.6}% 12
\BOOKMARK [1][-]{section.7}{\376\377\000T\000r\000u\000e\000\040\000a\000n\000d\000\040\000E\000c\000c\000e\000n\000t\000r\000i\000c\000\040\000A\000n\000o\000m\000a\000l\000y\000;\000\040\000K\000e\000p\000l\000e\000r\000'\000s\000\040\000E\000q\000u\000a\000t\000i\000o\000n}{}% 13
\BOOKMARK [2][-]{subsection.7.1}{\376\377\000E\000l\000l\000i\000p\000t\000i\000c\000a\000l\000\040\000o\000r\000b\000i\000t\000s\000:\000\040\000e\000c\000c\000e\000n\000t\000r\000i\000c\000\040\000a\000n\000o\000m\000a\000l\000y}{section.7}% 14
\BOOKMARK [2][-]{subsection.7.2}{\376\377\000H\000y\000p\000e\000r\000b\000o\000l\000i\000c\000\040\000t\000r\000a\000j\000e\000c\000t\000o\000r\000i\000e\000s}{section.7}% 15
\BOOKMARK [1][-]{section.8}{\376\377\000K\000e\000p\000l\000e\000r\000'\000s\000\040\000T\000h\000i\000r\000d\000\040\000L\000a\000w}{}% 16
\BOOKMARK [1][-]{section.9}{\376\377\000K\000e\000p\000l\000e\000r\000'\000s\000\040\000E\000q\000u\000a\000t\000i\000o\000n}{}% 17
\BOOKMARK [1][-]{section.10}{\376\377\000K\000e\000p\000l\000e\000r\000i\000a\000n\000\040\000P\000a\000r\000a\000m\000e\000t\000r\000i\000z\000a\000t\000i\000o\000n}{}% 18
\BOOKMARK [2][-]{subsection.10.1}{\376\377\000E\000l\000l\000i\000p\000t\000i\000c\000a\000l\000\040\000o\000r\000b\000i\000t\000s}{section.10}% 19
\BOOKMARK [2][-]{subsection.10.2}{\376\377\000H\000y\000p\000e\000r\000b\000o\000l\000i\000c\000\040\000t\000r\000a\000j\000e\000c\000t\000o\000r\000i\000e\000s}{section.10}% 20
\BOOKMARK [1][-]{section.11}{\376\377\000H\000y\000p\000e\000r\000b\000o\000l\000i\000c\000-\000T\000r\000a\000j\000e\000c\000t\000o\000r\000y\000\040\000P\000a\000r\000a\000m\000e\000t\000e\000r\000s}{}% 21
\BOOKMARK [1][-]{section.12}{\376\377\000F\000o\000u\000r\000i\000e\000r\000\040\000S\000o\000l\000u\000t\000i\000o\000n\000\040\000o\000f\000\040\000K\000e\000p\000l\000e\000r\000'\000s\000\040\000E\000q\000u\000a\000t\000i\000o\000n}{}% 22
\BOOKMARK [1][-]{section.13}{\376\377\000T\000h\000e\000\040\000L\000a\000p\000l\000a\000c\000e\040\023\000R\000u\000n\000g\000e\040\023\000L\000e\000n\000z\000\040\000V\000e\000c\000t\000o\000r}{}% 23
\BOOKMARK [1][-]{section.14}{\376\377\000P\000e\000r\000t\000u\000r\000b\000e\000d\000\040\000O\000r\000b\000i\000t\000s}{}% 24
\BOOKMARK [2][-]{subsection.14.1}{\376\377\000T\000h\000e\000\040\000o\000s\000c\000u\000l\000a\000t\000i\000n\000g\000-\000o\000r\000b\000i\000t\000\040\000a\000n\000s\000a\000t\000z\000\040\000\050\000v\000a\000r\000i\000a\000t\000i\000o\000n\000\040\000o\000f\000\040\000p\000a\000r\000a\000m\000e\000t\000e\000r\000s\000\051}{section.14}% 25
\BOOKMARK [2][-]{subsection.14.2}{\376\377\000R\000a\000t\000e\000s\000\040\000o\000f\000\040\000t\000h\000e\000\040\000f\000u\000n\000d\000a\000m\000e\000n\000t\000a\000l\000\040\000c\000o\000n\000s\000t\000a\000n\000t\000s}{section.14}% 26
\BOOKMARK [2][-]{subsection.14.3}{\376\377\000S\000p\000e\000c\000i\000a\000l\000\040\000c\000a\000s\000e\000:\000\040\000\040\000i\000n\000\040\000t\000h\000e\000\040\000o\000r\000b\000i\000t\000a\000l\000\040\000p\000l\000a\000n\000e}{section.14}% 27
\BOOKMARK [2][-]{subsection.14.4}{\376\377\000N\000e\000a\000r\000l\000y\000\040\000c\000i\000r\000c\000u\000l\000a\000r\000\040\000o\000r\000b\000i\000t\000s\000:\000\040\000L\000a\000p\000l\000a\000c\000e\040\023\000L\000a\000g\000r\000a\000n\000g\000e\000\040\000v\000a\000r\000i\000a\000b\000l\000e\000s}{section.14}% 28
\BOOKMARK [1][-]{section.15}{\376\377\000R\000\370\000m\000e\000r\000\040\000D\000e\000l\000a\000y\000\040\000f\000o\000r\000\040\000a\000\040\000K\000e\000p\000l\000e\000r\000i\000a\000n\000\040\000O\000r\000b\000i\000t}{}% 29
\BOOKMARK [1][-]{section.16}{\376\377\000W\000o\000r\000k\000e\000d\000\040\000E\000x\000a\000m\000p\000l\000e\000:\000\040\000t\000h\000e\000\040\000R\000a\000d\000i\000a\000l\000\040\000P\000e\000r\000t\000u\000r\000b\000a\000t\000i\000o\000n\000\040\000=\000/\000r\0003}{}% 30
\BOOKMARK [2][-]{subsection.16.1}{\376\377\000E\000n\000e\000r\000g\000y\000\040\000r\000a\000t\000e\000\040\000a\000n\000d\000\040}{section.16}% 31
\BOOKMARK [2][-]{subsection.16.2}{\376\377\000A\000s\000s\000e\000m\000b\000l\000i\000n\000g\000\040\000\050\000u\000\051}{section.16}% 32
\BOOKMARK [2][-]{subsection.16.3}{\376\377\000N\000o\000\040\000s\000e\000c\000u\000l\000a\000r\000\040\000d\000r\000i\000f\000t\000\040\000i\000n\000\040\000a}{section.16}% 33
\BOOKMARK [2][-]{subsection.16.4}{\376\377\000A\000n\000g\000u\000l\000a\000r\000\040\000m\000o\000m\000e\000n\000t\000u\000m\000:\000\040\000e\000x\000a\000c\000t\000\040\000c\000o\000n\000s\000e\000r\000v\000a\000t\000i\000o\000n}{section.16}% 34
\BOOKMARK [2][-]{subsection.16.5}{\376\377\000\040\000f\000r\000o\000m\000\040\000L\0002\000=\000\040\000c\000o\000n\000s\000t}{section.16}% 35
\BOOKMARK [2][-]{subsection.16.6}{\376\377\000T\000h\000e\000\040\000L\000a\000p\000l\000a\000c\000e\040\023\000R\000u\000n\000g\000e\040\023\000L\000e\000n\000z\000\040\000v\000e\000c\000t\000o\000r\000:\000\040\000g\000e\000n\000e\000r\000a\000l\000\040\000p\000e\000r\000t\000u\000r\000b\000e\000d\000\040\000r\000a\000t\000e}{section.16}% 36
\BOOKMARK [2][-]{subsection.16.7}{\376\377\000S\000p\000e\000c\000i\000a\000l\000i\000z\000i\000n\000g\000\040\000t\000o\000\040\000=\000/\000r\0003}{section.16}% 37
\BOOKMARK [2][-]{subsection.16.8}{\376\377\000E\000x\000t\000r\000a\000c\000t\000i\000n\000g\000\040}{section.16}% 38
\BOOKMARK [2][-]{subsection.16.9}{\376\377\000O\000r\000b\000i\000t\000-\000a\000v\000e\000r\000a\000g\000e\000d\000\040\000p\000r\000e\000c\000e\000s\000s\000i\000o\000n\000\040\000r\000a\000t\000e}{section.16}% 39
